title Beef and Cauliflower Taco Skillet
time 25
yield 4 serving(s)
ingredients ['2 cloves garlic ($0.16)', '1 Tbsp olive oil ($0.16)', '1/2 lb. ground beef ($2.50)', '3 cups riced cauliflower ($1.25)', '1 10oz. can diced tomatoes with green chiles ($0.55)', '1 15oz. can black beans ($0.50)', '1 Tbsp chili powder ($0.30)', '1 tsp smoked paprika ($0.10)', '1 tsp ground cumin ($0.10)', '1/2 tsp dried oregano ($0.05)', '1/4 tsp salt ($0.02)', '1/8 tsp pepper ($0.02)', '2 oz. cheddar cheese, shredded ($0.38)', '1 avocado ($0.99)', '1 tomato ($0.46)', '1/4 cup finely diced red onion ($0.10)', '1 handful fresh cilantro ($0.10)']
instructions Mince the garlic. Add the garlic, olive oil, and ground beef to a large skillet and cook over medium heat until the ground beef is browned. If you're using a high fat content beef, you may want to drain off the excess fat before the next step.
Drain the can of black beans and add them to the skillet along with the diced tomatoes with green chiles (not drained), chili powder, smoked paprika, cumin, oregano, salt, and pepper. Stir and cook until the skillet is simmering.
Add the riced cauliflower to the skillet (no need to thaw, if frozen). Continue to stir and cook over medium heat until the cauliflower is tender (about five minutes).
While the beef and cauliflower are heating, dice the tomato, avocado, and red onion. Roughly chop the cilantro.
Top the beef and cauliflower mixture with the shredded cheddar. Place a lid on the skillet, and let it heat over medium for a few minutes, or until the cheddar has melted.
Once the cheese is melted, top the skillet with the tomato, avocado, red onion, and cilantro. Serve immediately.
image https://www.budgetbytes.com/wp-content/uploads/2021/06/Beef-and-Cauliflower-Taco-Skillet.jpg
host budgetbytes.com
links [{'href': 'https://www.budgetbytes.com/', 'id': 'custom-mobile-logo-link'}, {'href': 'https://www.budgetbytes.com/category/recipes/'}, {'href': 'https://www.budgetbytes.com/category/recipes/'}, {'href': 'https://www.budgetbytes.com/category/recipes/beansandgrains/'}, {'href': 'https://www.budgetbytes.com/category/recipes/breakfast/'}, {'href': 'https://www.budgetbytes.com/category/recipes/dessert/'}, {'href': 'https://www.budgetbytes.com/category/recipes/global/'}, {'href': 'https://www.budgetbytes.com/category/recipes/global/asian/'}, {'href': 'https://www.budgetbytes.com/category/recipes/global/indian/'}, {'href': 'https://www.budgetbytes.com/category/recipes/global/italian/'}, {'href': 'https://www.budgetbytes.com/category/recipes/global/mediterranean/'}, {'href': 'https://www.budgetbytes.com/category/recipes/global/southwest/'}, {'href': 'https://www.budgetbytes.com/category/recipes/meat/'}, {'href': 'https://www.budgetbytes.com/category/recipes/meat/chicken/'}, {'href': 'https://www.budgetbytes.com/category/recipes/meat/beef/'}, {'href': 'https://www.budgetbytes.com/category/recipes/meat/turkey/'}, {'href': 'https://www.budgetbytes.com/category/recipes/meat/pork/'}, {'href': 'https://www.budgetbytes.com/category/recipes/meat/seafood/'}, {'href': 'https://www.budgetbytes.com/category/recipes/pasta/'}, {'href': 'https://www.budgetbytes.com/category/recipes/pizza/'}, {'href': 'https://www.budgetbytes.com/category/recipes/quick/'}, {'href': 'https://www.budgetbytes.com/category/recipes/salads/'}, {'href': 'https://www.budgetbytes.com/category/recipes/slow-cooker/'}, {'href': 'https://www.budgetbytes.com/category/recipes/soup/'}, {'href': 'https://www.budgetbytes.com/category/recipes/vegetarian/'}, {'href': 'https://www.budgetbytes.com/category/recipes/vegetarian/vegan/'}, {'href': 'https://www.budgetbytes.com/recipes/'}, {'href': 'https://www.budgetbytes.com/random/'}, {'href': 'https://www.budgetbytes.com/category/extra-bytes/budget-friendly-meal-prep/'}, {'href': 'https://www.budgetbytes.com/category/extra-bytes/budget-friendly-meal-prep/beef-meal-prep/'}, {'href': 'https://www.budgetbytes.com/category/extra-bytes/budget-friendly-meal-prep/breakfast-meal-prep/'}, {'href': 'https://www.budgetbytes.com/category/extra-bytes/budget-friendly-meal-prep/chicken-meal-prep/'}, {'href': 'https://www.budgetbytes.com/category/extra-bytes/budget-friendly-meal-prep/no-re-heat/'}, {'href': 'https://www.budgetbytes.com/category/extra-bytes/budget-friendly-meal-prep/vegetarian-meal-prep/'}, {'href': 'https://shop.budgetbytes.com/'}, {'href': 'https://www.budgetbytes.com/category/extra-bytes/'}, {'href': 'https://www.budgetbytes.com/category/how-to/'}, {'href': 'https://www.budgetbytes.com/stock-kitchen-pantry-staples/'}, {'href': 'https://www.budgetbytes.com/kitchen-basics/'}, {'href': 'https://www.budgetbytes.com/category/extra-bytes/recipe-roundups/'}, {'href': 'https://www.budgetbytes.com/category/extra-bytes/snap-challenge/'}, {'href': 'https://www.budgetbytes.com/recipe-videos/'}, {'href': 'https://budgetbytes.lpages.co/budget-bytes-app/'}, {'href': 'http://apple.co/2su6lr3'}, {'href': 'https://goo.gl/wiZ4FQ'}, {'href': 'https://www.budgetbytes.com/shop/'}, {'href': 'https://www.budgetbytes.com/about/'}, {'href': 'https://www.budgetbytes.com/about/'}, {'href': 'https://www.budgetbytes.com/what-is-budget-bytes/'}, {'href': 'https://www.budgetbytes.com/faq/'}, {'href': 'https://www.budgetbytes.com/contact/'}, {'href': 'javascript:void(0)'}, {'href': 'https://www.budgetbytes.com/login/?redirect_to=https%3A%2F%2Fwww.budgetbytes.com%2Fbeef-and-cauliflower-taco-skillet%2F'}, {'href': 'https://www.budgetbytes.com/register'}, {'href': 'https://www.budgetbytes.com/lostpassword'}, {'href': 'http://instagram.com/budgetbytes/', 'title': 'Instagram', 'target': '_blank', 'rel': ['noopener']}, {'href': 'http://pinterest.com/budgetbytes/', 'title': 'Pinterest', 'target': '_blank', 'rel': ['noopener']}, {'href': 'http://www.facebook.com/budgetbytes1', 'title': 'Facebook', 'target': '_blank', 'rel': ['noopener']}, {'href': 'https://twitter.com/budget_bytes', 'title': 'Twitter', 'target': '_blank', 'rel': ['noopener']}, {'href': '/feed/', 'title': 'RSS', 'target': '_blank', 'rel': ['noopener']}, {'href': 'https://www.budgetbytes.com'}, {'href': '/feed/', 'title': 'RSS', 'target': '_blank'}, {'href': 'https://twitter.com/budget_bytes', 'title': 'Twitter', 'target': '_blank'}, {'href': 'http://www.facebook.com/budgetbytes1', 'title': 'Facebook', 'target': '_blank'}, {'href': 'http://pinterest.com/budgetbytes/', 'title': 'Pinterest', 'target': '_blank'}, {'href': 'http://instagram.com/budgetbytes/', 'title': 'Instagram', 'target': '_blank'}, {'href': 'javascript:void(0)', 'title': 'Account'}, {'href': 'https://www.budgetbytes.com/login/?redirect_to=https%3A%2F%2Fwww.budgetbytes.com%2Fbeef-and-cauliflower-taco-skillet%2F'}, {'class': ['tml-register-link'], 'href': 'https://www.budgetbytes.com/register'}, {'href': 'https://www.budgetbytes.com/lostpassword'}, {'href': 'https://www.budgetbytes.com/category/recipes/'}, {'href': 'https://www.budgetbytes.com/category/recipes/'}, {'href': 'https://www.budgetbytes.com/category/recipes/beansandgrains/'}, {'href': 'https://www.budgetbytes.com/category/recipes/breakfast/'}, {'href': 'https://www.budgetbytes.com/category/recipes/dessert/'}, {'href': 'https://www.budgetbytes.com/category/recipes/global/'}, {'href': 'https://www.budgetbytes.com/category/recipes/global/asian/'}, {'href': 'https://www.budgetbytes.com/category/recipes/global/indian/'}, {'href': 'https://www.budgetbytes.com/category/recipes/global/italian/'}, {'href': 'https://www.budgetbytes.com/category/recipes/global/mediterranean/'}, {'href': 'https://www.budgetbytes.com/category/recipes/global/southwest/'}, {'href': 'https://www.budgetbytes.com/category/recipes/meat/'}, {'href': 'https://www.budgetbytes.com/category/recipes/meat/chicken/'}, {'href': 'https://www.budgetbytes.com/category/recipes/meat/beef/'}, {'href': 'https://www.budgetbytes.com/category/recipes/meat/turkey/'}, {'href': 'https://www.budgetbytes.com/category/recipes/meat/pork/'}, {'href': 'https://www.budgetbytes.com/category/recipes/meat/seafood/'}, {'href': 'https://www.budgetbytes.com/category/recipes/pasta/'}, {'href': 'https://www.budgetbytes.com/category/recipes/pizza/'}, {'href': 'https://www.budgetbytes.com/category/recipes/quick/'}, {'href': 'https://www.budgetbytes.com/category/recipes/salads/'}, {'href': 'https://www.budgetbytes.com/category/recipes/slow-cooker/'}, {'href': 'https://www.budgetbytes.com/category/recipes/soup/'}, {'href': 'https://www.budgetbytes.com/category/recipes/vegetarian/'}, {'href': 'https://www.budgetbytes.com/category/recipes/vegetarian/vegan/'}, {'href': 'https://www.budgetbytes.com/recipes/'}, {'href': 'https://www.budgetbytes.com/random/'}, {'href': 'https://www.budgetbytes.com/category/extra-bytes/budget-friendly-meal-prep/'}, {'href': 'https://www.budgetbytes.com/category/extra-bytes/budget-friendly-meal-prep/beef-meal-prep/'}, {'href': 'https://www.budgetbytes.com/category/extra-bytes/budget-friendly-meal-prep/breakfast-meal-prep/'}, {'href': 'https://www.budgetbytes.com/category/extra-bytes/budget-friendly-meal-prep/chicken-meal-prep/'}, {'href': 'https://www.budgetbytes.com/category/extra-bytes/budget-friendly-meal-prep/no-re-heat/'}, {'href': 'https://www.budgetbytes.com/category/extra-bytes/budget-friendly-meal-prep/vegetarian-meal-prep/'}, {'href': 'https://shop.budgetbytes.com/'}, {'href': 'https://www.budgetbytes.com/category/extra-bytes/'}, {'href': 'https://www.budgetbytes.com/category/how-to/'}, {'href': 'https://www.budgetbytes.com/stock-kitchen-pantry-staples/'}, {'href': 'https://www.budgetbytes.com/kitchen-basics/'}, {'href': 'https://www.budgetbytes.com/category/extra-bytes/recipe-roundups/'}, {'href': 'https://www.budgetbytes.com/category/extra-bytes/snap-challenge/'}, {'href': 'https://www.budgetbytes.com/recipe-videos/'}, {'href': 'https://budgetbytes.lpages.co/budget-bytes-app/'}, {'href': 'http://apple.co/2su6lr3'}, {'href': 'https://goo.gl/wiZ4FQ'}, {'href': 'https://www.budgetbytes.com/shop/'}, {'href': 'https://www.budgetbytes.com/about/'}, {'href': 'https://www.budgetbytes.com/about/'}, {'href': 'https://www.budgetbytes.com/what-is-budget-bytes/'}, {'href': 'https://www.budgetbytes.com/faq/'}, {'href': 'https://www.budgetbytes.com/contact/'}, {'href': 'https://www.budgetbytes.com/'}, {'href': 'https://www.budgetbytes.com/category/recipes/'}, {'href': 'https://www.budgetbytes.com/category/recipes/main-dish/'}, {'href': '#wprm-recipe-container-55660', 'data-recipe': '55660', 'style': 'color: #2a2a2a;background-color: #ffffff;border-color: #2a2a2a;border-radius: 3px;padding: 5px 8px;', 'class': ['wprm-recipe-jump', 'wprm-recipe-link', 'wprm-jump-to-recipe-shortcode', 'wprm-block-text-normal', 'wprm-jump-smooth-scroll', 'wprm-recipe-jump-inline-button', 'wprm-recipe-link-inline-button', 'wprm-color-accent'], 'data-smooth-scroll': '500'}, {'style': 'border-radius: 3px;padding: 5px 8px;', 'data-post-id': '55651', 'data-recipe': '1', 'data-recipe-key': '', 'href': 'javascript:void(0)', 'id': 'grocery-popup', 'class': ['wprm-recipe-jump', 'wprm-recipe-link', 'wprm-block-text-normal', 'wprm-recipe-jump-inline-button', 'wprm-recipe-link-inline-button', 'pl-custom-btn', 'add-grocery']}, {'data-post-id': '55651', 'style': 'border-radius: 3px;padding: 5px 8px;', 'data-collection': '', 'href': 'javascript:void(0)', 'id': 'favourite-popup', 'class': ['wprm-recipe-jump', 'wprm-recipe-link', 'wprm-block-text-normal', 'wprm-recipe-jump-inline-button', 'wprm-recipe-link-inline-button', 'pl-custom-btn', 'add-favorite']}, {'href': 'https://www.budgetbytes.com/southwest-cauliflower-rice/'}, {'href': 'https://www.ro-tel.com/products/original', 'target': '_blank', 'rel': ['noopener']}, {'href': 'https://www.mccormick.com/spices-and-flavors/herbs-and-spices/spices/chili-powder', 'target': '_blank', 'rel': ['noopener']}, {'href': 'https://www.budgetbytes.com/how-to-make-riced-cauliflower/'}, {'href': 'https://www.budgetbytes.com/taco-seasoning/'}, {'href': 'https://www.budgetbytes.com/pickled-red-onions/'}, {'href': 'https://www.budgetbytes.com/lime-crema/'}, {'rel': ['nofollow', 'noopener'], 'href': 'https://www.facebook.com/sharer/sharer.php?u=https%3A%2F%2Fwww.budgetbytes.com%2Fbeef-and-cauliflower-taco-skillet%2F%3Futm_source%3Dfacebook%26utm_medium%3Dsocial%26utm_campaign%3Dgrow-social-pro&t=Beef%20and%20Cauliflower%20Taco%20Skillet', 'class': ['dpsp-network-btn', 'dpsp-facebook', 'dpsp-no-label'], 'target': '_blank', 'aria-label': 'Share on Facebook', 'title': 'Share on Facebook'}, {'rel': ['nofollow', 'noopener'], 'href': 'https://www.reddit.com/submit?url=https%3A%2F%2Fwww.budgetbytes.com%2Fbeef-and-cauliflower-taco-skillet%2F%3Futm_source%3Dreddit%26utm_medium%3Dsocial%26utm_campaign%3Dgrow-social-pro&title=Beef%20and%20Cauliflower%20Taco%20Skillet', 'class': ['dpsp-network-btn', 'dpsp-reddit', 'dpsp-no-label'], 'target': '_blank', 'aria-label': 'Share on Reddit', 'title': 'Share on Reddit'}, {'rel': ['nofollow', 'noopener'], 'href': 'https://twitter.com/intent/tweet?text=Beef%20and%20Cauliflower%20Taco%20Skillet&url=https%3A%2F%2Fwww.budgetbytes.com%2Fbeef-and-cauliflower-taco-skillet%2F%3Futm_source%3Dtwitter%26utm_medium%3Dsocial%26utm_campaign%3Dgrow-social-pro', 'class': ['dpsp-network-btn', 'dpsp-twitter', 'dpsp-no-label'], 'target': '_blank', 'aria-label': 'Share on Twitter', 'title': 'Share on Twitter'}, {'rel': ['nofollow', 'noopener'], 'href': 'mailto:?subject=https%3A%2F%2Fwww.budgetbytes.com%2Fbeef-and-cauliflower-taco-skillet%2F%3Futm_source%3Demail%26utm_medium%3Dsocial%26utm_campaign%3Dgrow-social-pro&body=Beef%20and%20Cauliflower%20Taco%20Skillet', 'class': ['dpsp-network-btn', 'dpsp-email', 'dpsp-no-label', 'dpsp-last'], 'target': '_blank', 'aria-label': 'Send over email', 'title': 'Send over email'}, {'href': 'https://www.budgetbytes.com/wprm_print/recipe/55660', 'style': 'color: #ffffff;background-color: #2a2a2a;border-color: #2a2a2a;border-radius: 0px;padding: 5px 5px;', 'class': ['wprm-recipe-print', 'wprm-recipe-link', 'wprm-print-recipe-shortcode', 'wprm-block-text-uppercase', 'wprm-recipe-print-wide-button', 'wprm-recipe-link-wide-button', 'wprm-color-accent'], 'data-recipe-id': '55660', 'target': '_blank', 'rel': ['nofollow']}, {'data-post-id': '55651', 'id': 'grocery-popup', 'data-recipe': '1', 'data-recipe-key': '', 'href': 'javascript:void(0)', 'style': 'color: #ffffff;background-color: #2a2a2a;border-color: #2a2a2a;border-radius: 0px;padding: 5px 5px;', 'class': ['pl-recipe-btn', 'wprm-recipe-link', 'pl-recipe-hook', 'wprm-block-text-uppercase', 'pl-recipe-btn-wide-button', 'wprm-recipe-link-wide-button', 'wprm-color-accent', 'pl-custom-btn', 'add-grocery']}, {'data-post-id': '55651', 'id': 'favourite-popup', 'data-collection': '', 'href': 'javascript:void(0)', 'style': 'color: #ffffff;background-color: #2a2a2a;border-color: #2a2a2a;border-radius: 0px;padding: 5px 5px;', 'class': ['pl-recipe-btn', 'wprm-recipe-link', 'pl-recipe-hook', 'wprm-block-text-uppercase', 'pl-recipe-btn-wide-button', 'wprm-recipe-link-wide-button', 'wprm-color-accent', 'pl-custom-btn', 'add-favorite']}, {'href': 'https://www.budgetbytes.com/how-to-calculate-recipe-costs/'}, {'href': 'https://www.instagram.com/budgetbytes', 'target': '_blank', 'rel': ['noreferrer', 'noopener'], 'style': 'color: #f8e71c'}, {'href': 'https://www.instagram.com/explore/tags/budgetbytes', 'target': '_blank', 'rel': ['noreferrer', 'noopener'], 'style': 'color: #f8e71c'}, {'href': 'https://www.budgetbytes.com/nutrition-information-disclaimer/'}, {'href': 'https://www.amazon.com/dp/B00PCI7DHI/ref=as_li_ss_il?&ascsub&cv_ct_id=amzn1.idea.345JYTHHGMSHZ&cv_ct_pg=storefront&cv_ct_wn=aip-storefront&ref=exp_cov_influencer-14578421_dp_vv_d&linkCode=li3&tag=budgetbytesrecipe-20&linkId=19a8f7982c9c36a4d99782762b19e22e&language=en_US', 'target': '_blank'}, {'href': 'https://amzn.to/3dNDHsz', 'class': ['wprm-recipe-equipment-link'], 'target': '_blank', 'rel': ['nofollow']}, {'rel': ['nofollow', 'noopener'], 'href': 'https://www.facebook.com/sharer/sharer.php?u=https%3A%2F%2Fwww.budgetbytes.com%2Fbeef-and-cauliflower-taco-skillet%2F%3Futm_source%3Dfacebook%26utm_medium%3Dsocial%26utm_campaign%3Dgrow-social-pro&t=Beef%20and%20Cauliflower%20Taco%20Skillet', 'class': ['dpsp-network-btn', 'dpsp-facebook', 'dpsp-no-label'], 'target': '_blank', 'aria-label': 'Share on Facebook', 'title': 'Share on Facebook'}, {'rel': ['nofollow', 'noopener'], 'href': 'https://www.reddit.com/submit?url=https%3A%2F%2Fwww.budgetbytes.com%2Fbeef-and-cauliflower-taco-skillet%2F%3Futm_source%3Dreddit%26utm_medium%3Dsocial%26utm_campaign%3Dgrow-social-pro&title=Beef%20and%20Cauliflower%20Taco%20Skillet', 'class': ['dpsp-network-btn', 'dpsp-reddit', 'dpsp-no-label'], 'target': '_blank', 'aria-label': 'Share on Reddit', 'title': 'Share on Reddit'}, {'rel': ['nofollow', 'noopener'], 'href': 'https://twitter.com/intent/tweet?text=Beef%20and%20Cauliflower%20Taco%20Skillet&url=https%3A%2F%2Fwww.budgetbytes.com%2Fbeef-and-cauliflower-taco-skillet%2F%3Futm_source%3Dtwitter%26utm_medium%3Dsocial%26utm_campaign%3Dgrow-social-pro', 'class': ['dpsp-network-btn', 'dpsp-twitter', 'dpsp-no-label'], 'target': '_blank', 'aria-label': 'Share on Twitter', 'title': 'Share on Twitter'}, {'rel': ['nofollow', 'noopener'], 'href': 'mailto:?subject=https%3A%2F%2Fwww.budgetbytes.com%2Fbeef-and-cauliflower-taco-skillet%2F%3Futm_source%3Demail%26utm_medium%3Dsocial%26utm_campaign%3Dgrow-social-pro&body=Beef%20and%20Cauliflower%20Taco%20Skillet', 'class': ['dpsp-network-btn', 'dpsp-email', 'dpsp-no-label', 'dpsp-last'], 'target': '_blank', 'aria-label': 'Send over email', 'title': 'Send over email'}, {'href': 'https://www.budgetbytes.com/category/recipes/meat/beef/', 'rel': ['category', 'tag']}, {'href': 'https://www.budgetbytes.com/category/recipes/bowl-meals/', 'rel': ['category', 'tag']}, {'href': 'https://www.budgetbytes.com/category/recipes/egg-free/', 'rel': ['category', 'tag']}, {'href': 'https://www.budgetbytes.com/category/recipes/global/', 'rel': ['category', 'tag']}, {'href': 'https://www.budgetbytes.com/category/recipes/gluten-free/', 'rel': ['category', 'tag']}, {'href': 'https://www.budgetbytes.com/category/recipes/main-dish/', 'rel': ['category', 'tag']}, {'href': 'https://www.budgetbytes.com/category/recipes/meat/', 'rel': ['category', 'tag']}, {'href': 'https://www.budgetbytes.com/category/recipes/one-pot/', 'rel': ['category', 'tag']}, {'href': 'https://www.budgetbytes.com/category/recipes/quick/', 'rel': ['category', 'tag']}, {'href': 'https://www.budgetbytes.com/category/recipes/', 'rel': ['category', 'tag']}, {'href': 'https://www.budgetbytes.com/category/recipes/cost-per-recipe/recipes-under-10/', 'rel': ['category', 'tag']}, {'href': 'https://www.budgetbytes.com/category/recipes/global/southwest/', 'rel': ['category', 'tag']}, {'href': 'https://www.budgetbytes.com/category/recipes/soy-free/', 'rel': ['category', 'tag']}, {'href': 'https://www.budgetbytes.com/category/recipes/cost-per-serving/under-3-per-serving/', 'rel': ['category', 'tag']}, {'href': 'https://www.budgetbytes.com/beef-and-cauliflower-taco-skillet/#respond'}, {'rel': ['nofollow'], 'id': 'cancel-comment-reply-link', 'href': '/beef-and-cauliflower-taco-skillet/#respond', 'style': 'display:none;'}, {'href': 'https://akismet.com/privacy/', 'target': '_blank', 'rel': ['nofollow', 'noopener']}, {'href': 'https://www.budgetbytes.com/skillet-cheeseburger-pasta/'}, {'href': 'https://www.budgetbytes.com/pesto-chickpea-salad/'}, {'href': 'https://www.budgetbytes.com/about/'}, {'href': 'https://www.budgetbytes.com/what-is-budget-bytes/'}, {'href': 'https://shop.budgetbytes.com/'}, {'href': 'https://www.budgetbytes.com/category/extra-bytes/budget-friendly-meal-prep/'}, {'href': 'https://www.budgetbytes.com/category/extra-bytes/budget-friendly-meal-prep/'}, {'href': '/category/recipes/vegetarian/'}, {'href': '/category/recipes/vegetarian/'}, {'href': 'https://www.budgetbytes.com/category/recipes/one-pot/'}, {'href': 'https://www.budgetbytes.com/category/recipes/one-pot/'}, {'href': 'http://www.saveur.com/blog-awards-2016-winners'}, {'href': 'https://foodwellnessequity.com/'}, {'href': 'https://www.budgetbytes.com/garlic-butter-baked-cod/', 'rel': ['bookmark'], 'title': 'Garlic Butter Baked Cod'}, {'href': 'https://www.budgetbytes.com/secret-ingredient-tomato-soup/', 'rel': ['bookmark'], 'title': 'Secret Ingredient Tomato Soup'}, {'href': 'https://www.budgetbytes.com/ground-turkey-stir-fry/', 'rel': ['bookmark'], 'title': 'Ground Turkey Stir Fry'}, {'href': 'https://www.budgetbytes.com/one-pot-creamy-pesto-chicken-pasta/', 'rel': ['bookmark'], 'title': 'One Pot Creamy Pesto Chicken Pasta'}, {'href': 'https://www.budgetbytes.com/broccoli-cheddar-chicken-salad/', 'rel': ['bookmark'], 'title': 'Broccoli Cheddar Chicken Salad'}, {'href': 'https://www.budgetbytes.com/classic-baked-ziti/', 'rel': ['bookmark'], 'title': 'Classic Baked Ziti'}, {'href': 'https://www.budgetbytes.com/easy-rosemary-garlic-white-bean-soup/', 'rel': ['bookmark'], 'title': 'Easy Rosemary Garlic White Bean Soup'}, {'href': 'https://www.budgetbytes.com/about/'}, {'href': 'https://www.budgetbytes.com/contact/'}, {'href': 'https://www.budgetbytes.com/faq/'}, {'href': 'https://www.budgetbytes.com/terms-conditions/'}, {'href': 'https://www.budgetbytes.com/privacy-policy/'}, {'href': 'https://www.budgetbytes.com/budget-bytes-web-accessibility-policy/'}, {'href': 'https://www.budgetbytes.com/category/recipes/'}, {'href': 'https://www.budgetbytes.com/category/how-to/'}, {'href': 'https://www.budgetbytes.com/kitchen-basics/'}, {'href': 'https://www.budgetbytes.com/stock-kitchen-pantry-staples/'}, {'href': 'https://www.budgetbytes.com/category/extra-bytes/'}, {'target': '_blank', 'rel': ['noopener'], 'href': 'http://facebook.com/budgetbytes1'}, {'target': '_blank', 'rel': ['noopener'], 'href': 'http://www.pinterest.com/budgetbytes/'}, {'target': '_blank', 'rel': ['noopener'], 'href': 'http://instagram.com/budgetbytes'}, {'target': '_blank', 'rel': ['noopener'], 'href': 'https://twitter.com/budget_bytes'}, {'target': '_blank', 'rel': ['noopener'], 'href': 'https://www.youtube.com/channel/UC17vdVOZBVxTSDcldUBBlRg'}, {'href': 'http://www.purrdesign.com', 'target': '_blank', 'rel': ['nofollow']}, {'href': '#0', 'class': ['cd-top']}, {'href': '#close-modal', 'rel': ['modal:close'], 'class': ['close']}, {'href': 'https://www.budgetbytes.com/register/'}, {'href': 'https://www.budgetbytes.com/lostpassword/'}, {'href': '#close-modal', 'rel': ['modal:close'], 'class': ['close', 'mobile-close']}]
nutrients {'servingSize': '1.5 cups', 'calories': '467 kcal', 'carbohydrateContent': '34 g', 'proteinContent': '24 g', 'fatContent': '28 g', 'sodiumContent': '360 mg', 'fiberContent': '14 g'}
